2026-03-11 15:48:58,740 - KeyGenerator - INFO - 启动身份密钥管理工具交互式菜单
2026-03-11 15:49:04,977 - KeyGenerator - INFO - 开始执行【生成身份密钥】操作
2026-03-11 15:49:05,294 - KeyGenerator - INFO - 成功读取Excel文件：E:\code\identify_secret_key\input\姓名列表.xlsx，共4行数据
2026-03-11 15:49:05,296 - KeyGenerator - INFO - 有效姓名数据共4行（已过滤空值）
2026-03-11 15:49:05,297 - KeyGenerator - INFO - 成功生成4个新密钥
2026-03-11 15:49:05,343 - KeyGenerator - INFO - 成功保存Excel文件：E:\code\identify_secret_key\output\姓名_身份密钥.xlsx
2026-03-11 15:49:05,344 - KeyGenerator - INFO - 【生成身份密钥】操作执行完成
2026-03-11 15:50:40,910 - KeyGenerator - INFO - 启动身份密钥管理工具交互式菜单
2026-03-11 15:50:44,618 - KeyGenerator - INFO - 开始执行【生成身份密钥】操作
2026-03-11 15:50:44,822 - KeyGenerator - INFO - 成功读取Excel文件：E:\code\identify_secret_key\input\姓名列表.xlsx，共4行数据
2026-03-11 15:50:44,823 - KeyGenerator - INFO - 有效姓名数据共4行（已过滤空值）
2026-03-11 15:50:44,824 - KeyGenerator - INFO - 成功生成4个新密钥
2026-03-11 15:50:44,857 - KeyGenerator - INFO - 成功保存Excel文件：E:\code\identify_secret_key\output\姓名_身份密钥.xlsx
2026-03-11 15:50:44,857 - KeyGenerator - INFO - 【生成身份密钥】操作执行完成
2026-03-11 15:51:31,925 - KeyGenerator - INFO - 启动身份密钥管理工具交互式菜单
2026-03-11 15:51:33,612 - KeyGenerator - INFO - 开始执行【生成身份密钥】操作
2026-03-11 15:51:33,807 - KeyGenerator - INFO - 成功读取Excel文件：E:\code\identify_secret_key\input\姓名列表.xlsx，共4行数据
2026-03-11 15:51:33,808 - KeyGenerator - INFO - 有效姓名数据共4行（已过滤空值）
2026-03-11 15:51:33,810 - KeyGenerator - INFO - 成功生成4个新密钥
2026-03-11 15:51:33,844 - KeyGenerator - INFO - 成功保存Excel文件：E:\code\identify_secret_key\output\姓名_身份密钥.xlsx
2026-03-11 15:51:33,845 - KeyGenerator - INFO - 【生成身份密钥】操作执行完成
2026-03-11 15:51:55,763 - KeyGenerator - INFO - 启动身份密钥管理工具交互式菜单
2026-03-11 15:52:35,421 - KeyGenerator - INFO - 开始执行【重置身份密钥】操作，目标姓名：['张三', '王五']，保留历史：True
2026-03-11 15:52:35,636 - KeyGenerator - INFO - 新增「历史密钥」列用于保留历史密钥
2026-03-11 15:52:35,638 - KeyGenerator - INFO - 已重置姓名「张三」的1个密钥
2026-03-11 15:52:35,639 - KeyGenerator - INFO - 已重置姓名「王五」的1个密钥
2026-03-11 15:52:35,639 - KeyGenerator - INFO - 共重置2个密钥
2026-03-11 15:52:35,663 - KeyGenerator - ERROR - 保存Excel失败：[Errno 13] Permission denied: 'E:\\code\\identify_secret_key\\output\\姓名_身份密钥.xlsx'
Traceback (most recent call last):
  File "E:\code\identify_secret_key\key_generator.py", line 107, in save_excel
    df.to_excel(excel_path, index=False)
  File "E:\ProgramData\anaconda3\envs\edu_rag\lib\site-packages\pandas\util\_decorators.py", line 333, in wrapper
    return func(*args, **kwargs)
  File "E:\ProgramData\anaconda3\envs\edu_rag\lib\site-packages\pandas\core\generic.py", line 2417, in to_excel
    formatter.write(
  File "E:\ProgramData\anaconda3\envs\edu_rag\lib\site-packages\pandas\io\formats\excel.py", line 943, in write
    writer = ExcelWriter(
  File "E:\ProgramData\anaconda3\envs\edu_rag\lib\site-packages\pandas\io\excel\_xlsxwriter.py", line 204, in __init__
    super().__init__(
  File "E:\ProgramData\anaconda3\envs\edu_rag\lib\site-packages\pandas\io\excel\_base.py", line 1246, in __init__
    self._handles = get_handle(
  File "E:\ProgramData\anaconda3\envs\edu_rag\lib\site-packages\pandas\io\common.py", line 882, in get_handle
    handle = open(handle, ioargs.mode)
PermissionError: [Errno 13] Permission denied: 'E:\\code\\identify_secret_key\\output\\姓名_身份密钥.xlsx'
2026-03-11 15:52:35,678 - KeyGenerator - ERROR - 【重置身份密钥】操作保存失败
2026-03-11 15:52:55,623 - KeyGenerator - INFO - 启动身份密钥管理工具交互式菜单
2026-03-11 15:53:07,537 - KeyGenerator - INFO - 开始执行【重置身份密钥】操作，目标姓名：['张三', '王五']，保留历史：True
2026-03-11 15:53:07,729 - KeyGenerator - INFO - 新增「历史密钥」列用于保留历史密钥
2026-03-11 15:53:07,731 - KeyGenerator - INFO - 已重置姓名「张三」的1个密钥
2026-03-11 15:53:07,731 - KeyGenerator - INFO - 已重置姓名「王五」的1个密钥
2026-03-11 15:53:07,731 - KeyGenerator - INFO - 共重置2个密钥
2026-03-11 15:53:07,765 - KeyGenerator - INFO - 成功保存Excel文件：E:\code\identify_secret_key\output\姓名_身份密钥.xlsx
2026-03-11 15:53:07,765 - KeyGenerator - INFO - 【重置身份密钥】操作执行完成
2026-03-11 15:54:48,321 - KeyGenerator - INFO - 启动身份密钥管理工具交互式菜单
2026-03-11 15:55:10,289 - KeyGenerator - INFO - 开始执行【重置身份密钥】操作，目标姓名：['张三']，保留历史：True
2026-03-11 15:55:10,488 - KeyGenerator - INFO - 已重置姓名「张三」的1个密钥
2026-03-11 15:55:10,489 - KeyGenerator - INFO - 共重置1个密钥
2026-03-11 15:55:10,521 - KeyGenerator - INFO - 成功保存Excel文件：E:\code\identify_secret_key\output\姓名_身份密钥.xlsx
2026-03-11 15:55:10,521 - KeyGenerator - INFO - 【重置身份密钥】操作执行完成
2026-03-11 15:55:46,714 - KeyGenerator - INFO - 启动身份密钥管理工具交互式菜单
2026-03-11 15:55:52,540 - KeyGenerator - INFO - 开始执行【重置身份密钥】操作，目标姓名：None，保留历史：True
2026-03-11 15:55:52,758 - KeyGenerator - INFO - 已重置全部4个密钥
2026-03-11 15:55:52,809 - KeyGenerator - INFO - 共重置4个密钥
2026-03-11 15:55:52,844 - KeyGenerator - INFO - 成功保存Excel文件：E:\code\identify_secret_key\output\姓名_身份密钥.xlsx
2026-03-11 15:55:52,844 - KeyGenerator - INFO - 【重置身份密钥】操作执行完成
2026-03-11 15:56:29,397 - KeyGenerator - INFO - 启动身份密钥管理工具交互式菜单
2026-03-11 15:56:32,361 - KeyGenerator - INFO - 开始执行【生成身份密钥】操作
2026-03-11 15:56:32,561 - KeyGenerator - INFO - 成功读取Excel文件：E:\code\identify_secret_key\input\姓名列表.xlsx，共4行数据
2026-03-11 15:56:32,563 - KeyGenerator - INFO - 有效姓名数据共4行（已过滤空值）
2026-03-11 15:56:32,565 - KeyGenerator - INFO - 成功生成4个新密钥
2026-03-11 15:56:32,598 - KeyGenerator - INFO - 成功保存Excel文件：E:\code\identify_secret_key\output\姓名_身份密钥.xlsx
2026-03-11 15:56:32,599 - KeyGenerator - INFO - 【生成身份密钥】操作执行完成
